<testsuites id="" name="" tests="0" failures="0" skipped="0" errors="0" time="0.0018170000314712525">
</testsuites>